Archive member included to satisfy reference by file (symbol)

c:/st/stm32cubeide_1.2.0/stm32cubeide/plugins/com.st.stm32cube.ide.mcu.externaltools.gnu-tools-for-stm32.7-2018-q2-update.win32_1.0.0.201904181610/tools/bin/../lib/gcc/arm-none-eabi/7.3.1/../../../../arm-none-eabi/lib/thumb/v7e-m/fpv4-sp/hard\libc_nano.a(lib_a-errno.o)
                              Core/Src/syscalls.o (__errno)
c:/st/stm32cubeide_1.2.0/stm32cubeide/plugins/com.st.stm32cube.ide.mcu.externaltools.gnu-tools-for-stm32.7-2018-q2-update.win32_1.0.0.201904181610/tools/bin/../lib/gcc/arm-none-eabi/7.3.1/../../../../arm-none-eabi/lib/thumb/v7e-m/fpv4-sp/hard\libc_nano.a(lib_a-exit.o)
                              c:/st/stm32cubeide_1.2.0/stm32cubeide/plugins/com.st.stm32cube.ide.mcu.externaltools.gnu-tools-for-stm32.7-2018-q2-update.win32_1.0.0.201904181610/tools/bin/../lib/gcc/arm-none-eabi/7.3.1/../../../../arm-none-eabi/lib/thumb/v7e-m/fpv4-sp/hard/crt0.o (exit)
c:/st/stm32cubeide_1.2.0/stm32cubeide/plugins/com.st.stm32cube.ide.mcu.externaltools.gnu-tools-for-stm32.7-2018-q2-update.win32_1.0.0.201904181610/tools/bin/../lib/gcc/arm-none-eabi/7.3.1/../../../../arm-none-eabi/lib/thumb/v7e-m/fpv4-sp/hard\libc_nano.a(lib_a-impure.o)
                              c:/st/stm32cubeide_1.2.0/stm32cubeide/plugins/com.st.stm32cube.ide.mcu.externaltools.gnu-tools-for-stm32.7-2018-q2-update.win32_1.0.0.201904181610/tools/bin/../lib/gcc/arm-none-eabi/7.3.1/../../../../arm-none-eabi/lib/thumb/v7e-m/fpv4-sp/hard\libc_nano.a(lib_a-exit.o) (_global_impure_ptr)
c:/st/stm32cubeide_1.2.0/stm32cubeide/plugins/com.st.stm32cube.ide.mcu.externaltools.gnu-tools-for-stm32.7-2018-q2-update.win32_1.0.0.201904181610/tools/bin/../lib/gcc/arm-none-eabi/7.3.1/../../../../arm-none-eabi/lib/thumb/v7e-m/fpv4-sp/hard\libc_nano.a(lib_a-init.o)
                              c:/st/stm32cubeide_1.2.0/stm32cubeide/plugins/com.st.stm32cube.ide.mcu.externaltools.gnu-tools-for-stm32.7-2018-q2-update.win32_1.0.0.201904181610/tools/bin/../lib/gcc/arm-none-eabi/7.3.1/../../../../arm-none-eabi/lib/thumb/v7e-m/fpv4-sp/hard/crt0.o (__libc_init_array)
c:/st/stm32cubeide_1.2.0/stm32cubeide/plugins/com.st.stm32cube.ide.mcu.externaltools.gnu-tools-for-stm32.7-2018-q2-update.win32_1.0.0.201904181610/tools/bin/../lib/gcc/arm-none-eabi/7.3.1/../../../../arm-none-eabi/lib/thumb/v7e-m/fpv4-sp/hard\libc_nano.a(lib_a-memcpy-stub.o)
                              Core/CAN/src/CAN_LIB.o (memcpy)
c:/st/stm32cubeide_1.2.0/stm32cubeide/plugins/com.st.stm32cube.ide.mcu.externaltools.gnu-tools-for-stm32.7-2018-q2-update.win32_1.0.0.201904181610/tools/bin/../lib/gcc/arm-none-eabi/7.3.1/../../../../arm-none-eabi/lib/thumb/v7e-m/fpv4-sp/hard\libc_nano.a(lib_a-memset.o)
                              c:/st/stm32cubeide_1.2.0/stm32cubeide/plugins/com.st.stm32cube.ide.mcu.externaltools.gnu-tools-for-stm32.7-2018-q2-update.win32_1.0.0.201904181610/tools/bin/../lib/gcc/arm-none-eabi/7.3.1/../../../../arm-none-eabi/lib/thumb/v7e-m/fpv4-sp/hard/crt0.o (memset)

Allocating common symbols
Common symbol       size              file

retransmision_counter
                    0x1               Core/CAN/src/CAN_LIB_HW.o
htim4               0x4c              Core/Src/tim.o
FIFO_CAN_TX         0x30              Core/CAN/src/CAN_LIB.o
hcan                0x28              Core/Src/can.o
uwTick              0x4               Drivers/STM32F3xx_HAL_Driver/Src/stm32f3xx_hal.o
pFlash              0x20              Drivers/STM32F3xx_HAL_Driver/Src/stm32f3xx_hal_flash.o
_can_info           0x58              Core/CAN/src/CAN_LIB.o

Discarded input sections

 .text          0x0000000000000000        0x0 c:/st/stm32cubeide_1.2.0/stm32cubeide/plugins/com.st.stm32cube.ide.mcu.externaltools.gnu-tools-for-stm32.7-2018-q2-update.win32_1.0.0.201904181610/tools/bin/../lib/gcc/arm-none-eabi/7.3.1/thumb/v7e-m/fpv4-sp/hard/crti.o
 .data          0x0000000000000000        0x0 c:/st/stm32cubeide_1.2.0/stm32cubeide/plugins/com.st.stm32cube.ide.mcu.externaltools.gnu-tools-for-stm32.7-2018-q2-update.win32_1.0.0.201904181610/tools/bin/../lib/gcc/arm-none-eabi/7.3.1/thumb/v7e-m/fpv4-sp/hard/crti.o
 .bss           0x0000000000000000        0x0 c:/st/stm32cubeide_1.2.0/stm32cubeide/plugins/com.st.stm32cube.ide.mcu.externaltools.gnu-tools-for-stm32.7-2018-q2-update.win32_1.0.0.201904181610/tools/bin/../lib/gcc/arm-none-eabi/7.3.1/thumb/v7e-m/fpv4-sp/hard/crti.o
 .data          0x0000000000000000        0x4 c:/st/stm32cubeide_1.2.0/stm32cubeide/plugins/com.st.stm32cube.ide.mcu.externaltools.gnu-tools-for-stm32.7-2018-q2-update.win32_1.0.0.201904181610/tools/bin/../lib/gcc/arm-none-eabi/7.3.1/thumb/v7e-m/fpv4-sp/hard/crtbegin.o
 .text          0x0000000000000000       0x74 c:/st/stm32cubeide_1.2.0/stm32cubeide/plugins/com.st.stm32cube.ide.mcu.externaltools.gnu-tools-for-stm32.7-2018-q2-update.win32_1.0.0.201904181610/tools/bin/../lib/gcc/arm-none-eabi/7.3.1/../../../../arm-none-eabi/lib/thumb/v7e-m/fpv4-sp/hard/crt0.o
[...]
Memory Configuration

Name             Origin             Length             Attributes
CCMRAM           0x0000000010000000 0x0000000000002000 xrw
RAM              0x0000000020000000 0x000000000000a000 xrw
FLASH            0x0000000008000000 0x0000000000040000 xr
*default*        0x0000000000000000 0xffffffffffffffff

Linker script and memory map

LOAD c:/st/stm32cubeide_1.2.0/stm32cubeide/plugins/com.st.stm32cube.ide.mcu.externaltools.gnu-tools-for-stm32.7-2018-q2-update.win32_1.0.0.201904181610/tools/bin/../lib/gcc/arm-none-eabi/7.3.1/thumb/v7e-m/fpv4-sp/hard/crti.o
LOAD c:/st/stm32cubeide_1.2.0/stm32cubeide/plugins/com.st.stm32cube.ide.mcu.externaltools.gnu-tools-for-stm32.7-2018-q2-update.win32_1.0.0.201904181610/tools/bin/../lib/gcc/arm-none-eabi/7.3.1/thumb/v7e-m/fpv4-sp/hard/crtbegin.o
LOAD c:/st/stm32cubeide_1.2.0/stm32cubeide/plugins/com.st.stm32cube.ide.mcu.externaltools.gnu-tools-for-stm32.7-2018-q2-update.win32_1.0.0.201904181610/tools/bin/../lib/gcc/arm-none-eabi/7.3.1/../../../../arm-none-eabi/lib/thumb/v7e-m/fpv4-sp/hard/crt0.o
LOAD Core/CAN/src/CAN_FIFO.o
LOAD Core/CAN/src/CAN_LIB.o
LOAD Core/CAN/src/CAN_LIB_HW.o
LOAD Core/Src/can.o
LOAD Core/Src/gpio.o
LOAD Core/Src/main.o
LOAD Core/Src/servo.o
LOAD Core/Src/stm32f3xx_hal_msp.o
LOAD Core/Src/stm32f3xx_it.o
LOAD Core/Src/syscalls.o
LOAD Core/Src/sysmem.o
LOAD Core/Src/system_stm32f3xx.o
LOAD Core/Src/tim.o
LOAD Core/Startup/startup_stm32f303cctx.o
LOAD Drivers/STM32F3xx_HAL_Driver/Src/stm32f3xx_hal.o
LOAD Drivers/STM32F3xx_HAL_Driver/Src/stm32f3xx_hal_can.o
LOAD Drivers/STM32F3xx_HAL_Driver/Src/stm32f3xx_hal_cortex.o
LOAD Drivers/STM32F3xx_HAL_Driver/Src/stm32f3xx_hal_dma.o
LOAD Drivers/STM32F3xx_HAL_Driver/Src/stm32f3xx_hal_exti.o
LOAD Drivers/STM32F3xx_HAL_Driver/Src/stm32f3xx_hal_flash.o
LOAD Drivers/STM32F3xx_HAL_Driver/Src/stm32f3xx_hal_flash_ex.o
LOAD Drivers/STM32F3xx_HAL_Driver/Src/stm32f3xx_hal_gpio.o
LOAD Drivers/STM32F3xx_HAL_Driver/Src/stm32f3xx_hal_i2c.o
LOAD Drivers/STM32F3xx_HAL_Driver/Src/stm32f3xx_hal_i2c_ex.o
LOAD Drivers/STM32F3xx_HAL_Driver/Src/stm32f3xx_hal_pwr.o
LOAD Drivers/STM32F3xx_HAL_Driver/Src/stm32f3xx_hal_pwr_ex.o
LOAD Drivers/STM32F3xx_HAL_Driver/Src/stm32f3xx_hal_rcc.o
LOAD Drivers/STM32F3xx_HAL_Driver/Src/stm32f3xx_hal_rcc_ex.o
LOAD Drivers/STM32F3xx_HAL_Driver/Src/stm32f3xx_hal_tim.o
LOAD Drivers/STM32F3xx_HAL_Driver/Src/stm32f3xx_hal_tim_ex.o
START GROUP
LOAD c:/st/stm32cubeide_1.2.0/stm32cubeide/plugins/com.st.stm32cube.ide.mcu.externaltools.gnu-tools-for-stm32.7-2018-q2-update.win32_1.0.0.201904181610/tools/bin/../lib/gcc/arm-none-eabi/7.3.1/../../../../arm-none-eabi/lib/thumb/v7e-m/fpv4-sp/hard\libc_nano.a
LOAD c:/st/stm32cubeide_1.2.0/stm32cubeide/plugins/com.st.stm32cube.ide.mcu.externaltools.gnu-tools-for-stm32.7-2018-q2-update.win32_1.0.0.201904181610/tools/bin/../lib/gcc/arm-none-eabi/7.3.1/../../../../arm-none-eabi/lib/thumb/v7e-m/fpv4-sp/hard\libm.a
END GROUP
START GROUP
LOAD c:/st/stm32cubeide_1.2.0/stm32cubeide/plugins/com.st.stm32cube.ide.mcu.externaltools.gnu-tools-for-stm32.7-2018-q2-update.win32_1.0.0.201904181610/tools/bin/../lib/gcc/arm-none-eabi/7.3.1/thumb/v7e-m/fpv4-sp/hard\libgcc.a
LOAD c:/st/stm32cubeide_1.2.0/stm32cubeide/plugins/com.st.stm32cube.ide.mcu.externaltools.gnu-tools-for-stm32.7-2018-q2-update.win32_1.0.0.201904181610/tools/bin/../lib/gcc/arm-none-eabi/7.3.1/../../../../arm-none-eabi/lib/thumb/v7e-m/fpv4-sp/hard\libc_nano.a
END GROUP
START GROUP
LOAD c:/st/stm32cubeide_1.2.0/stm32cubeide/plugins/com.st.stm32cube.ide.mcu.externaltools.gnu-tools-for-stm32.7-2018-q2-update.win32_1.0.0.201904181610/tools/bin/../lib/gcc/arm-none-eabi/7.3.1/thumb/v7e-m/fpv4-sp/hard\libgcc.a
LOAD c:/st/stm32cubeide_1.2.0/stm32cubeide/plugins/com.st.stm32cube.ide.mcu.externaltools.gnu-tools-for-stm32.7-2018-q2-update.win32_1.0.0.201904181610/tools/bin/../lib/gcc/arm-none-eabi/7.3.1/../../../../arm-none-eabi/lib/thumb/v7e-m/fpv4-sp/hard\libc_nano.a
LOAD c:/st/stm32cubeide_1.2.0/stm32cubeide/plugins/com.st.stm32cube.ide.mcu.externaltools.gnu-tools-for-stm32.7-2018-q2-update.win32_1.0.0.201904181610/tools/bin/../lib/gcc/arm-none-eabi/7.3.1/../../../../arm-none-eabi/lib/thumb/v7e-m/fpv4-sp/hard\libnosys.a
END GROUP
START GROUP
LOAD c:/st/stm32cubeide_1.2.0/stm32cubeide/plugins/com.st.stm32cube.ide.mcu.externaltools.gnu-tools-for-stm32.7-2018-q2-update.win32_1.0.0.201904181610/tools/bin/../lib/gcc/arm-none-eabi/7.3.1/thumb/v7e-m/fpv4-sp/hard\libgcc.a
LOAD c:/st/stm32cubeide_1.2.0/stm32cubeide/plugins/com.st.stm32cube.ide.mcu.externaltools.gnu-tools-for-stm32.7-2018-q2-update.win32_1.0.0.201904181610/tools/bin/../lib/gcc/arm-none-eabi/7.3.1/../../../../arm-none-eabi/lib/thumb/v7e-m/fpv4-sp/hard\libc_nano.a
LOAD c:/st/stm32cubeide_1.2.0/stm32cubeide/plugins/com.st.stm32cube.ide.mcu.externaltools.gnu-tools-for-stm32.7-2018-q2-update.win32_1.0.0.201904181610/tools/bin/../lib/gcc/arm-none-eabi/7.3.1/../../../../arm-none-eabi/lib/thumb/v7e-m/fpv4-sp/hard\libnosys.a
END GROUP
LOAD c:/st/stm32cubeide_1.2.0/stm32cubeide/plugins/com.st.stm32cube.ide.mcu.externaltools.gnu-tools-for-stm32.7-2018-q2-update.win32_1.0.0.201904181610/tools/bin/../lib/gcc/arm-none-eabi/7.3.1/thumb/v7e-m/fpv4-sp/hard/crtend.o
LOAD c:/st/stm32cubeide_1.2.0/stm32cubeide/plugins/com.st.stm32cube.ide.mcu.externaltools.gnu-tools-for-stm32.7-2018-q2-update.win32_1.0.0.201904181610/tools/bin/../lib/gcc/arm-none-eabi/7.3.1/thumb/v7e-m/fpv4-sp/hard/crtn.o
                0x000000002000a000                _estack = (ORIGIN (RAM) + LENGTH (RAM))
                0x0000000000000200                _Min_Heap_Size = 0x200
                0x0000000000000400                _Min_Stack_Size = 0x400

.isr_vector     0x0000000008000000      0x188
                0x0000000008000000                . = ALIGN (0x4)
 *(.isr_vector)
 .isr_vector    0x0000000008000000      0x188 Core/Startup/startup_stm32f303cctx.o
                0x0000000008000000                g_pfnVectors
                0x0000000008000188                . = ALIGN (0x4)

.text           0x0000000008000188     0x33ec
                0x0000000008000188                . = ALIGN (0x4)
 *(.text)
 .text          0x0000000008000188       0x40 c:/st/stm32cubeide_1.2.0/stm32cubeide/plugins/com.st.stm32cube.ide.mcu.externaltools.gnu-tools-for-stm32.7-2018-q2-update.win32_1.0.0.201904181610/tools/bin/../lib/gcc/arm-none-eabi/7.3.1/thumb/v7e-m/fpv4-sp/hard/crtbegin.o
 *(.text*)
 .text.CAN_FIFO_Flush
                0x00000000080001c8       0x28 Core/CAN/src/CAN_FIFO.o
                0x00000000080001c8                CAN_FIFO_Flush
 .text.CAN_Init
                0x00000000080001f0       0x18 Core/CAN/src/CAN_LIB.o
                0x00000000080001f0                CAN_Init
 .text.CAN_InitFrame
                0x0000000008000208       0x58 Core/CAN/src/CAN_LIB.o
                0x0000000008000208                CAN_InitFrame
 .text.CAN_InitValue
                0x0000000008000260       0x6c Core/CAN/src/CAN_LIB.o
                0x0000000008000260                CAN_InitValue
 .text.CAN_ConvertFrameBitsToUint
                0x00000000080002cc       0x92 Core/CAN/src/CAN_LIB.o
                0x00000000080002cc                CAN_ConvertFrameBitsToUint
 .text.CAN_ConvertFrameBitsToInt
                0x000000000800035e       0x96 Core/CAN/src/CAN_LIB.o
                0x000000000800035e                CAN_ConvertFrameBitsToInt
 .text.CAN_ReadValueFloat
                0x00000000080003f4       0xa8 Core/CAN/src/CAN_LIB.o
                0x00000000080003f4                CAN_ReadValueFloat
 .text.CAN_HW_Init
                0x000000000800049c       0x84 Core/CAN/src/CAN_LIB_HW.o
                0x000000000800049c                CAN_HW_Init
 .text.MX_CAN_Init
                0x0000000008000520       0x68 Core/Src/can.o
                0x0000000008000520                MX_CAN_Init
 .text.HAL_CAN_MspInit
                0x0000000008000588       0x88 Core/Src/can.o
                0x0000000008000588                HAL_CAN_MspInit
 .text.MX_GPIO_Init
                0x0000000008000610       0xac Core/Src/gpio.o
                0x0000000008000610                MX_GPIO_Init
 .text.CanDrs_Init
                0x00000000080006bc       0x3c Core/Src/main.o
                0x00000000080006bc                CanDrs_Init
 .text.main     0x00000000080006f8       0x70 Core/Src/main.o
                0x00000000080006f8                main
 .text.SystemClock_Config
                0x0000000008000768       0x80 Core/Src/main.o
                0x0000000008000768                SystemClock_Config
 .text.Error_Handler
                0x00000000080007e8        0xe Core/Src/main.o
                0x00000000080007e8                Error_Handler
 .text.Servo_Init
                0x00000000080007f6       0x30 Core/Src/servo.o
                0x00000000080007f6                Servo_Init
 .text.map      0x0000000008000826       0x38 Core/Src/servo.o
                0x0000000008000826                map
 .text.Servo_SetAngle
                0x000000000800085e       0xa4 Core/Src/servo.o
                0x000000000800085e                Servo_SetAngle
 *fill*         0x0000000008000902        0x2 
 .text.ProceedServo
                0x0000000008000904       0x88 Core/Src/servo.o
                0x0000000008000904                ProceedServo
 .text.HAL_MspInit
                0x000000000800098c       0x48 Core/Src/stm32f3xx_hal_msp.o
                0x000000000800098c                HAL_MspInit
 .text.NMI_Handler
                0x00000000080009d4        0xe Core/Src/stm32f3xx_it.o
                0x00000000080009d4                NMI_Handler
 .text.HardFault_Handler
                0x00000000080009e2        0x6 Core/Src/stm32f3xx_it.o
                0x00000000080009e2                HardFault_Handler
 .text.MemManage_Handler
                0x00000000080009e8        0x6 Core/Src/stm32f3xx_it.o
                0x00000000080009e8                MemManage_Handler
 .text.BusFault_Handler
                0x00000000080009ee        0x6 Core/Src/stm32f3xx_it.o
                0x00000000080009ee                BusFault_Handler
 .text.UsageFault_Handler
                0x00000000080009f4        0x6 Core/Src/stm32f3xx_it.o
                0x00000000080009f4                UsageFault_Handler
 .text.SVC_Handler
                0x00000000080009fa        0xe Core/Src/stm32f3xx_it.o
                0x00000000080009fa                SVC_Handler
 .text.DebugMon_Handler
                0x0000000008000a08        0xe Core/Src/stm32f3xx_it.o
                0x0000000008000a08                DebugMon_Handler
 .text.PendSV_Handler
                0x0000000008000a16        0xe Core/Src/stm32f3xx_it.o
                0x0000000008000a16                PendSV_Handler
 .text.SysTick_Handler
                0x0000000008000a24        0xc Core/Src/stm32f3xx_it.o
                0x0000000008000a24                SysTick_Handler
 .text.SystemInit
                0x0000000008000a30       0x24 Core/Src/system_stm32f3xx.o
                0x0000000008000a30                SystemInit
 .text.MX_TIM4_Init
                0x0000000008000a54       0xcc Core/Src/tim.o
                0x0000000008000a54                MX_TIM4_Init
 .text.HAL_TIM_PWM_MspInit
                0x0000000008000b20       0x40 Core/Src/tim.o
                0x0000000008000b20                HAL_TIM_PWM_MspInit
 .text.HAL_TIM_MspPostInit
                0x0000000008000b60       0x70 Core/Src/tim.o
                0x0000000008000b60                HAL_TIM_MspPostInit
 .text.Reset_Handler
                0x0000000008000bd0       0x50 Core/Startup/startup_stm32f303cctx.o
                0x0000000008000bd0                Reset_Handler
 .text.Default_Handler
                0x0000000008000c20        0x2 Core/Startup/startup_stm32f303cctx.o
                0x0000000008000c20                RTC_Alarm_IRQHandler
                0x0000000008000c20                TIM8_TRG_COM_IRQHandler
                0x0000000008000c20                TIM8_CC_IRQHandler
                0x0000000008000c20                TIM1_CC_IRQHandler
                0x0000000008000c20                USB_HP_IRQHandler
                0x0000000008000c20                PVD_IRQHandler
                0x0000000008000c20                TAMP_STAMP_IRQHandler
                0x0000000008000c20                EXTI3_IRQHandler
                0x0000000008000c20                USB_HP_CAN_TX_IRQHandler
                0x0000000008000c20                EXTI0_IRQHandler
                0x0000000008000c20                I2C2_EV_IRQHandler
                0x0000000008000c20                FPU_IRQHandler
                0x0000000008000c20                TIM1_UP_TIM16_IRQHandler
                0x0000000008000c20                ADC1_2_IRQHandler
                0x0000000008000c20                SPI1_IRQHandler
                0x0000000008000c20                CAN_SCE_IRQHandler
                0x0000000008000c20                TIM6_DAC_IRQHandler
                0x0000000008000c20                TIM8_UP_IRQHandler
                0x0000000008000c20                DMA2_Channel2_IRQHandler
                0x0000000008000c20                DMA1_Channel4_IRQHandler
                0x0000000008000c20                USART3_IRQHandler
                0x0000000008000c20                DMA1_Channel7_IRQHandler
                0x0000000008000c20                UART5_IRQHandler
                0x0000000008000c20                ADC3_IRQHandler
                0x0000000008000c20                TIM4_IRQHandler
                0x0000000008000c20                CAN_RX1_IRQHandler
                0x0000000008000c20                DMA2_Channel1_IRQHandler
                0x0000000008000c20                I2C1_EV_IRQHandler
                0x0000000008000c20                DMA1_Channel6_IRQHandler
                0x0000000008000c20                UART4_IRQHandler
                0x0000000008000c20                DMA2_Channel4_IRQHandler
                0x0000000008000c20                TIM3_IRQHandler
                0x0000000008000c20                RCC_IRQHandler
                0x0000000008000c20                DMA1_Channel1_IRQHandler
                0x0000000008000c20                Default_Handler
                0x0000000008000c20                USBWakeUp_RMP_IRQHandler
                0x0000000008000c20                EXTI15_10_IRQHandler
                0x0000000008000c20                TIM7_IRQHandler
                0x0000000008000c20                EXTI9_5_IRQHandler
                0x0000000008000c20                RTC_WKUP_IRQHandler
                0x0000000008000c20                SPI2_IRQHandler
                0x0000000008000c20                USB_LP_CAN_RX0_IRQHandler
                0x0000000008000c20                DMA2_Channel5_IRQHandler
                0x0000000008000c20                DMA1_Channel5_IRQHandler
                0x0000000008000c20                USB_LP_IRQHandler
                0x0000000008000c20                EXTI4_IRQHandler
                0x0000000008000c20                TIM1_TRG_COM_TIM17_IRQHandler
                0x0000000008000c20                DMA1_Channel3_IRQHandler
                0x0000000008000c20                ADC4_IRQHandler
                0x0000000008000c20                WWDG_IRQHandler
                0x0000000008000c20                TIM2_IRQHandler
                0x0000000008000c20                COMP7_IRQHandler
                0x0000000008000c20                COMP1_2_3_IRQHandler
                0x0000000008000c20                EXTI1_IRQHandler
                0x0000000008000c20                USART2_IRQHandler
                0x0000000008000c20                COMP4_5_6_IRQHandler
                0x0000000008000c20                I2C2_ER_IRQHandler
                0x0000000008000c20                DMA1_Channel2_IRQHandler
                0x0000000008000c20                TIM8_BRK_IRQHandler
                0x0000000008000c20                FLASH_IRQHandler
                0x0000000008000c20                USART1_IRQHandler
                0x0000000008000c20                SPI3_IRQHandler
                0x0000000008000c20                I2C1_ER_IRQHandler
                0x0000000008000c20                USBWakeUp_IRQHandler
                0x0000000008000c20                DMA2_Channel3_IRQHandler
                0x0000000008000c20                EXTI2_TSC_IRQHandler
                0x0000000008000c20                TIM1_BRK_TIM15_IRQHandler
 *fill*         0x0000000008000c22        0x2 
 .text.HAL_Init
                0x0000000008000c24       0x2c Drivers/STM32F3xx_HAL_Driver/Src/stm32f3xx_hal.o
                0x0000000008000c24                HAL_Init
 .text.HAL_InitTick
                0x0000000008000c50       0x60 Drivers/STM32F3xx_HAL_Driver/Src/stm32f3xx_hal.o
                0x0000000008000c50                HAL_InitTick
 .text.HAL_IncTick
                0x0000000008000cb0       0x28 Drivers/STM32F3xx_HAL_Driver/Src/stm32f3xx_hal.o
                0x0000000008000cb0                HAL_IncTick
 .text.HAL_GetTick
                0x0000000008000cd8       0x18 Drivers/STM32F3xx_HAL_Driver/Src/stm32f3xx_hal.o
                0x0000000008000cd8                HAL_GetTick
 .text.HAL_CAN_Init
                0x0000000008000cf0      0x1f6 Drivers/STM32F3xx_HAL_Driver/Src/stm32f3xx_hal_can.o
                0x0000000008000cf0                HAL_CAN_Init
 .text.HAL_CAN_ConfigFilter
                0x0000000008000ee6      0x194 Drivers/STM32F3xx_HAL_Driver/Src/stm32f3xx_hal_can.o
                0x0000000008000ee6                HAL_CAN_ConfigFilter
 .text.HAL_CAN_Start
                0x000000000800107a       0x88 Drivers/STM32F3xx_HAL_Driver/Src/stm32f3xx_hal_can.o
                0x000000000800107a                HAL_CAN_Start
 .text.HAL_CAN_ActivateNotification
                0x0000000008001102       0x4c Drivers/STM32F3xx_HAL_Driver/Src/stm32f3xx_hal_can.o
                0x0000000008001102                HAL_CAN_ActivateNotification
 *fill*         0x000000000800114e        0x2 
 .text.__NVIC_SetPriorityGrouping
                0x0000000008001150       0x48 Drivers/STM32F3xx_HAL_Driver/Src/stm32f3xx_hal_cortex.o
 .text.__NVIC_GetPriorityGrouping
                0x0000000008001198       0x1c Drivers/STM32F3xx_HAL_Driver/Src/stm32f3xx_hal_cortex.o
 .text.__NVIC_SetPriority
                0x00000000080011b4       0x54 Drivers/STM32F3xx_HAL_Driver/Src/stm32f3xx_hal_cortex.o
 .text.NVIC_EncodePriority
                0x0000000008001208       0x66 Drivers/STM32F3xx_HAL_Driver/Src/stm32f3xx_hal_cortex.o
 *fill*         0x000000000800126e        0x2 
 .text.SysTick_Config
                0x0000000008001270       0x44 Drivers/STM32F3xx_HAL_Driver/Src/stm32f3xx_hal_cortex.o
 .text.HAL_NVIC_SetPriorityGrouping
                0x00000000080012b4       0x16 Drivers/STM32F3xx_HAL_Driver/Src/stm32f3xx_hal_cortex.o
                0x00000000080012b4                HAL_NVIC_SetPriorityGrouping
 .text.HAL_NVIC_SetPriority
                0x00000000080012ca       0x38 Drivers/STM32F3xx_HAL_Driver/Src/stm32f3xx_hal_cortex.o
                0x00000000080012ca                HAL_NVIC_SetPriority
 .text.HAL_SYSTICK_Config
                0x0000000008001302       0x18 Drivers/STM32F3xx_HAL_Driver/Src/stm32f3xx_hal_cortex.o
                0x0000000008001302                HAL_SYSTICK_Config
 *fill*         0x000000000800131a        0x2 
 .text.HAL_GPIO_Init
                0x000000000800131c      0x2f4 Drivers/STM32F3xx_HAL_Driver/Src/stm32f3xx_hal_gpio.o
                0x000000000800131c                HAL_GPIO_Init
 .text.HAL_GPIO_WritePin
                0x0000000008001610       0x30 Drivers/STM32F3xx_HAL_Driver/Src/stm32f3xx_hal_gpio.o
                0x0000000008001610                HAL_GPIO_WritePin
 .text.HAL_RCC_OscConfig
                0x0000000008001640      0xe10 Drivers/STM32F3xx_HAL_Driver/Src/stm32f3xx_hal_rcc.o
                0x0000000008001640                HAL_RCC_OscConfig
 .text.HAL_RCC_ClockConfig
                0x0000000008002450      0x2f8 Drivers/STM32F3xx_HAL_Driver/Src/stm32f3xx_hal_rcc.o
                0x0000000008002450                HAL_RCC_ClockConfig
 .text.HAL_RCC_GetSysClockFreq
                0x0000000008002748       0xd4 Drivers/STM32F3xx_HAL_Driver/Src/stm32f3xx_hal_rcc.o
                0x0000000008002748                HAL_RCC_GetSysClockFreq
 .text.HAL_TIM_PWM_Init
                0x000000000800281c       0xae Drivers/STM32F3xx_HAL_Driver/Src/stm32f3xx_hal_tim.o
                0x000000000800281c                HAL_TIM_PWM_Init
 *fill*         0x00000000080028ca        0x2 
 .text.HAL_TIM_PWM_Start
                0x00000000080028cc      0x200 Drivers/STM32F3xx_HAL_Driver/Src/stm32f3xx_hal_tim.o
                0x00000000080028cc                HAL_TIM_PWM_Start
 .text.HAL_TIM_PWM_ConfigChannel
                0x0000000008002acc      0x220 Drivers/STM32F3xx_HAL_Driver/Src/stm32f3xx_hal_tim.o
                0x0000000008002acc                HAL_TIM_PWM_ConfigChannel
 .text.TIM_Base_SetConfig
                0x0000000008002cec      0x120 Drivers/STM32F3xx_HAL_Driver/Src/stm32f3xx_hal_tim.o
                0x0000000008002cec                TIM_Base_SetConfig
 .text.TIM_OC1_SetConfig
                0x0000000008002e0c      0x120 Drivers/STM32F3xx_HAL_Driver/Src/stm32f3xx_hal_tim.o
 .text.TIM_OC2_SetConfig
                0x0000000008002f2c      0x114 Drivers/STM32F3xx_HAL_Driver/Src/stm32f3xx_hal_tim.o
                0x0000000008002f2c                TIM_OC2_SetConfig
 .text.TIM_OC3_SetConfig
                0x0000000008003040      0x110 Drivers/STM32F3xx_HAL_Driver/Src/stm32f3xx_hal_tim.o
 .text.TIM_OC4_SetConfig
                0x0000000008003150       0xd4 Drivers/STM32F3xx_HAL_Driver/Src/stm32f3xx_hal_tim.o
 .text.TIM_OC5_SetConfig
                0x0000000008003224       0xc8 Drivers/STM32F3xx_HAL_Driver/Src/stm32f3xx_hal_tim.o
 .text.TIM_OC6_SetConfig
                0x00000000080032ec       0xcc Drivers/STM32F3xx_HAL_Driver/Src/stm32f3xx_hal_tim.o
 .text.TIM_CCxChannelCmd
                0x00000000080033b8       0x4a Drivers/STM32F3xx_HAL_Driver/Src/stm32f3xx_hal_tim.o
                0x00000000080033b8                TIM_CCxChannelCmd
 *fill*         0x0000000008003402        0x2 
 .text.HAL_TIMEx_MasterConfigSynchronization
                0x0000000008003404      0x100 Drivers/STM32F3xx_HAL_Driver/Src/stm32f3xx_hal_tim_ex.o
                0x0000000008003404                HAL_TIMEx_MasterConfigSynchronization
 .text.__libc_init_array
                0x0000000008003504       0x48 c:/st/stm32cubeide_1.2.0/stm32cubeide/plugins/com.st.stm32cube.ide.mcu.externaltools.gnu-tools-for-stm32.7-2018-q2-update.win32_1.0.0.201904181610/tools/bin/../lib/gcc/arm-none-eabi/7.3.1/../../../../arm-none-eabi/lib/thumb/v7e-m/fpv4-sp/hard\libc_nano.a(lib_a-init.o)
                0x0000000008003504                __libc_init_array
 .text.memset   0x000000000800354c       0x10 c:/st/stm32cubeide_1.2.0/stm32cubeide/plugins/com.st.stm32cube.ide.mcu.externaltools.gnu-tools-for-stm32.7-2018-q2-update.win32_1.0.0.201904181610/tools/bin/../lib/gcc/arm-none-eabi/7.3.1/../../../../arm-none-eabi/lib/thumb/v7e-m/fpv4-sp/hard\libc_nano.a(lib_a-memset.o)
                0x000000000800354c                memset
 *(.glue_7)
 .glue_7        0x000000000800355c        0x0 linker stubs
 *(.glue_7t)
 .glue_7t       0x000000000800355c        0x0 linker stubs
 *(.eh_frame)
 .eh_frame      0x000000000800355c        0x0 c:/st/stm32cubeide_1.2.0/stm32cubeide/plugins/com.st.stm32cube.ide.mcu.externaltools.gnu-tools-for-stm32.7-2018-q2-update.win32_1.0.0.201904181610/tools/bin/../lib/gcc/arm-none-eabi/7.3.1/thumb/v7e-m/fpv4-sp/hard/crtbegin.o
 *(.init)
 .init          0x000000000800355c        0x4 c:/st/stm32cubeide_1.2.0/stm32cubeide/plugins/com.st.stm32cube.ide.mcu.externaltools.gnu-tools-for-stm32.7-2018-q2-update.win32_1.0.0.201904181610/tools/bin/../lib/gcc/arm-none-eabi/7.3.1/thumb/v7e-m/fpv4-sp/hard/crti.o
                0x000000000800355c                _init
 .init          0x0000000008003560        0x8 c:/st/stm32cubeide_1.2.0/stm32cubeide/plugins/com.st.stm32cube.ide.mcu.externaltools.gnu-tools-for-stm32.7-2018-q2-update.win32_1.0.0.201904181610/tools/bin/../lib/gcc/arm-none-eabi/7.3.1/thumb/v7e-m/fpv4-sp/hard/crtn.o
 *(.fini)
 .fini          0x0000000008003568        0x4 c:/st/stm32cubeide_1.2.0/stm32cubeide/plugins/com.st.stm32cube.ide.mcu.externaltools.gnu-tools-for-stm32.7-2018-q2-update.win32_1.0.0.201904181610/tools/bin/../lib/gcc/arm-none-eabi/7.3.1/thumb/v7e-m/fpv4-sp/hard/crti.o
                0x0000000008003568                _fini
 .fini          0x000000000800356c        0x8 c:/st/stm32cubeide_1.2.0/stm32cubeide/plugins/com.st.stm32cube.ide.mcu.externaltools.gnu-tools-for-stm32.7-2018-q2-update.win32_1.0.0.201904181610/tools/bin/../lib/gcc/arm-none-eabi/7.3.1/thumb/v7e-m/fpv4-sp/hard/crtn.o
                0x0000000008003574                . = ALIGN (0x4)
                0x0000000008003574                _etext = .

.vfp11_veneer   0x0000000008003574        0x0
 .vfp11_veneer  0x0000000008003574        0x0 linker stubs

.v4_bx          0x0000000008003574        0x0
 .v4_bx         0x0000000008003574        0x0 linker stubs

.iplt           0x0000000008003574        0x0
 .iplt          0x0000000008003574        0x0 c:/st/stm32cubeide_1.2.0/stm32cubeide/plugins/com.st.stm32cube.ide.mcu.externaltools.gnu-tools-for-stm32.7-2018-q2-update.win32_1.0.0.201904181610/tools/bin/../lib/gcc/arm-none-eabi/7.3.1/thumb/v7e-m/fpv4-sp/hard/crtbegin.o

.rodata         0x0000000008003574       0x30
                0x0000000008003574                . = ALIGN (0x4)
 *(.rodata)
 *(.rodata*)
 .rodata.AHBPrescTable
                0x0000000008003574       0x10 Core/Src/system_stm32f3xx.o
                0x0000000008003574                AHBPrescTable
 .rodata.aPLLMULFactorTable
                0x0000000008003584       0x10 Drivers/STM32F3xx_HAL_Driver/Src/stm32f3xx_hal_rcc.o
                0x0000000008003584                aPLLMULFactorTable
 .rodata.aPredivFactorTable
                0x0000000008003594       0x10 Drivers/STM32F3xx_HAL_Driver/Src/stm32f3xx_hal_rcc.o
                0x0000000008003594                aPredivFactorTable
                0x00000000080035a4                . = ALIGN (0x4)

.rel.dyn        0x00000000080035a4        0x0
 .rel.iplt      0x00000000080035a4        0x0 c:/st/stm32cubeide_1.2.0/stm32cubeide/plugins/com.st.stm32cube.ide.mcu.externaltools.gnu-tools-for-stm32.7-2018-q2-update.win32_1.0.0.201904181610/tools/bin/../lib/gcc/arm-none-eabi/7.3.1/thumb/v7e-m/fpv4-sp/hard/crtbegin.o

.ARM.extab      0x00000000080035a4        0x0
                0x00000000080035a4                . = ALIGN (0x4)
 *(.ARM.extab* .gnu.linkonce.armextab.*)
                0x00000000080035a4                . = ALIGN (0x4)

.ARM            0x00000000080035a4        0x0
                0x00000000080035a4                . = ALIGN (0x4)
                0x00000000080035a4                __exidx_start = .
 *(.ARM.exidx*)
                0x00000000080035a4                __exidx_end = .
                0x00000000080035a4                . = ALIGN (0x4)

.preinit_array  0x00000000080035a4        0x0
                0x00000000080035a4                . = ALIGN (0x4)
                0x00000000080035a4                PROVIDE (__preinit_array_start = .)
 *(.preinit_array*)
                0x00000000080035a4                PROVIDE (__preinit_array_end = .)
                0x00000000080035a4                . = ALIGN (0x4)

.init_array     0x00000000080035a4        0x4
                0x00000000080035a4                . = ALIGN (0x4)
                0x00000000080035a4                PROVIDE (__init_array_start = .)
 *(SORT_BY_NAME(.init_array.*))
 *(.init_array*)
 .init_array    0x00000000080035a4        0x4 c:/st/stm32cubeide_1.2.0/stm32cubeide/plugins/com.st.stm32cube.ide.mcu.externaltools.gnu-tools-for-stm32.7-2018-q2-update.win32_1.0.0.201904181610/tools/bin/../lib/gcc/arm-none-eabi/7.3.1/thumb/v7e-m/fpv4-sp/hard/crtbegin.o
                0x00000000080035a8                PROVIDE (__init_array_end = .)
                0x00000000080035a8                . = ALIGN (0x4)

.fini_array     0x00000000080035a8        0x4
                0x00000000080035a8                . = ALIGN (0x4)
                [!provide]                        PROVIDE (__fini_array_start = .)
 *(SORT_BY_NAME(.fini_array.*))
 *(.fini_array*)
 .fini_array    0x00000000080035a8        0x4 c:/st/stm32cubeide_1.2.0/stm32cubeide/plugins/com.st.stm32cube.ide.mcu.externaltools.gnu-tools-for-stm32.7-2018-q2-update.win32_1.0.0.201904181610/tools/bin/../lib/gcc/arm-none-eabi/7.3.1/thumb/v7e-m/fpv4-sp/hard/crtbegin.o
                [!provide]                        PROVIDE (__fini_array_end = .)
                0x00000000080035ac                . = ALIGN (0x4)
                0x00000000080035ac                _sidata = LOADADDR (.data)

.data           0x0000000020000000        0xc load address 0x00000000080035ac
                0x0000000020000000                . = ALIGN (0x4)
                0x0000000020000000                _sdata = .
 *(.data)
 *(.data*)
 .data.SystemCoreClock
                0x0000000020000000        0x4 Core/Src/system_stm32f3xx.o
                0x0000000020000000                SystemCoreClock
 .data.uwTickPrio
                0x0000000020000004        0x4 Drivers/STM32F3xx_HAL_Driver/Src/stm32f3xx_hal.o
                0x0000000020000004                uwTickPrio
 .data.uwTickFreq
                0x0000000020000008        0x1 Drivers/STM32F3xx_HAL_Driver/Src/stm32f3xx_hal.o
                0x0000000020000008                uwTickFreq
                0x000000002000000c                . = ALIGN (0x4)
 *fill*         0x0000000020000009        0x3 
                0x000000002000000c                _edata = .

.igot.plt       0x000000002000000c        0x0 load address 0x00000000080035b8
 .igot.plt      0x000000002000000c        0x0 c:/st/stm32cubeide_1.2.0/stm32cubeide/plugins/com.st.stm32cube.ide.mcu.externaltools.gnu-tools-for-stm32.7-2018-q2-update.win32_1.0.0.201904181610/tools/bin/../lib/gcc/arm-none-eabi/7.3.1/thumb/v7e-m/fpv4-sp/hard/crtbegin.o
                0x000000002000000c                . = ALIGN (0x4)

.bss            0x000000002000000c      0x1a0 load address 0x00000000080035b8
                0x000000002000000c                _sbss = .
                0x000000002000000c                __bss_start__ = _sbss
 *(.bss)
 .bss           0x000000002000000c       0x1c c:/st/stm32cubeide_1.2.0/stm32cubeide/plugins/com.st.stm32cube.ide.mcu.externaltools.gnu-tools-for-stm32.7-2018-q2-update.win32_1.0.0.201904181610/tools/bin/../lib/gcc/arm-none-eabi/7.3.1/thumb/v7e-m/fpv4-sp/hard/crtbegin.o
 *(.bss*)
 .bss.sFilterConfig.8250
                0x0000000020000028       0x28 Core/CAN/src/CAN_LIB_HW.o
 .bss.can_drs_frame
                0x0000000020000050       0x20 Core/Src/main.o
 .bss.can_drs_set
                0x0000000020000070       0x38 Core/Src/main.o
 .bss.CurrentAngle.8164
                0x00000000200000a8        0x1 Core/Src/servo.o
 .bss.angleDirection.8165
                0x00000000200000a9        0x1 Core/Src/servo.o
 *(COMMON)
 *fill*         0x00000000200000aa        0x2 
 COMMON         0x00000000200000ac       0x88 Core/CAN/src/CAN_LIB.o
                0x00000000200000ac                FIFO_CAN_TX
                0x00000000200000dc                _can_info
 COMMON         0x0000000020000134       0x28 Core/Src/can.o
                0x0000000020000134                hcan
 COMMON         0x000000002000015c       0x4c Core/Src/tim.o
                0x000000002000015c                htim4
 COMMON         0x00000000200001a8        0x4 Drivers/STM32F3xx_HAL_Driver/Src/stm32f3xx_hal.o
                0x00000000200001a8                uwTick
                0x00000000200001ac                . = ALIGN (0x4)
                0x00000000200001ac                _ebss = .
                0x00000000200001ac                __bss_end__ = _ebss

._user_heap_stack
                0x00000000200001ac      0x604 load address 0x00000000080035b8
                0x00000000200001b0                . = ALIGN (0x8)
 *fill*         0x00000000200001ac        0x4 
                0x00000000200001b0                PROVIDE (end = .)
                [!provide]                        PROVIDE (_end = .)
                0x00000000200003b0                . = (. + _Min_Heap_Size)
 *fill*         0x00000000200001b0      0x200 
                0x00000000200007b0                . = (. + _Min_Stack_Size)
 *fill*         0x00000000200003b0      0x400 
                0x00000000200007b0                . = ALIGN (0x8)

/DISCARD/
 libc.a(*)
 libm.a(*)
 libgcc.a(*)

.ARM.attributes
                0x0000000000000000       0x30
 *(.ARM.attributes)
 .ARM.attributes
                0x0000000000000000       0x22 c:/st/stm32cubeide_1.2.0/stm32cubeide/plugins/com.st.stm32cube.ide.mcu.externaltools.gnu-tools-for-stm32.7-2018-q2-update.win32_1.0.0.201904181610/tools/bin/../lib/gcc/arm-none-eabi/7.3.1/thumb/v7e-m/fpv4-sp/hard/crti.o
 .ARM.attributes
                0x0000000000000022       0x34 c:/st/stm32cubeide_1.2.0/stm32cubeide/plugins/com.st.stm32cube.ide.mcu.externaltools.gnu-tools-for-stm32.7-2018-q2-update.win32_1.0.0.201904181610/tools/bin/../lib/gcc/arm-none-eabi/7.3.1/thumb/v7e-m/fpv4-sp/hard/crtbegin.o
 .ARM.attributes
                0x0000000000000056       0x39 Core/CAN/src/CAN_FIFO.o
 .ARM.attributes
                0x000000000000008f       0x39 Core/CAN/src/CAN_LIB.o
 .ARM.attributes
                0x00000000000000c8       0x39 Core/CAN/src/CAN_LIB_HW.o
 .ARM.attributes
                0x0000000000000101       0x39 Core/Src/can.o
 .ARM.attributes
                0x000000000000013a       0x39 Core/Src/gpio.o
 .ARM.attributes
                0x0000000000000173       0x39 Core/Src/main.o
 .ARM.attributes
                0x00000000000001ac       0x39 Core/Src/servo.o
 .ARM.attributes
                0x00000000000001e5       0x39 Core/Src/stm32f3xx_hal_msp.o
 .ARM.attributes
                0x000000000000021e       0x39 Core/Src/stm32f3xx_it.o
 .ARM.attributes
                0x0000000000000257       0x39 Core/Src/system_stm32f3xx.o
 .ARM.attributes
                0x0000000000000290       0x39 Core/Src/tim.o
 .ARM.attributes
                0x00000000000002c9       0x21 Core/Startup/startup_stm32f303cctx.o
 .ARM.attributes
                0x00000000000002ea       0x39 Drivers/STM32F3xx_HAL_Driver/Src/stm32f3xx_hal.o
 .ARM.attributes
                0x0000000000000323       0x39 Drivers/STM32F3xx_HAL_Driver/Src/stm32f3xx_hal_can.o
 .ARM.attributes
                0x000000000000035c       0x39 Drivers/STM32F3xx_HAL_Driver/Src/stm32f3xx_hal_cortex.o
 .ARM.attributes
                0x0000000000000395       0x39 Drivers/STM32F3xx_HAL_Driver/Src/stm32f3xx_hal_gpio.o
 .ARM.attributes
                0x00000000000003ce       0x39 Drivers/STM32F3xx_HAL_Driver/Src/stm32f3xx_hal_rcc.o
 .ARM.attributes
                0x0000000000000407       0x39 Drivers/STM32F3xx_HAL_Driver/Src/stm32f3xx_hal_tim.o
 .ARM.attributes
                0x0000000000000440       0x39 Drivers/STM32F3xx_HAL_Driver/Src/stm32f3xx_hal_tim_ex.o
 .ARM.attributes
                0x0000000000000479       0x34 c:/st/stm32cubeide_1.2.0/stm32cubeide/plugins/com.st.stm32cube.ide.mcu.externaltools.gnu-tools-for-stm32.7-2018-q2-update.win32_1.0.0.201904181610/tools/bin/../lib/gcc/arm-none-eabi/7.3.1/../../../../arm-none-eabi/lib/thumb/v7e-m/fpv4-sp/hard\libc_nano.a(lib_a-init.o)
 .ARM.attributes
                0x00000000000004ad       0x34 c:/st/stm32cubeide_1.2.0/stm32cubeide/plugins/com.st.stm32cube.ide.mcu.externaltools.gnu-tools-for-stm32.7-2018-q2-update.win32_1.0.0.201904181610/tools/bin/../lib/gcc/arm-none-eabi/7.3.1/../../../../arm-none-eabi/lib/thumb/v7e-m/fpv4-sp/hard\libc_nano.a(lib_a-memset.o)
 .ARM.attributes
                0x00000000000004e1       0x22 c:/st/stm32cubeide_1.2.0/stm32cubeide/plugins/com.st.stm32cube.ide.mcu.externaltools.gnu-tools-for-stm32.7-2018-q2-update.win32_1.0.0.201904181610/tools/bin/../lib/gcc/arm-none-eabi/7.3.1/thumb/v7e-m/fpv4-sp/hard/crtn.o
OUTPUT(DRS_2.elf elf32-littlearm)

.debug_info     0x0000000000000000     0xd716
 .debug_info    0x0000000000000000      0x18f Core/CAN/src/CAN_FIFO.o
 .debug_info    0x000000000000018f     0x14e4 Core/CAN/src/CAN_LIB.o
 .debug_info    0x0000000000001673      0x838 Core/CAN/src/CAN_LIB_HW.o
 .debug_info    0x0000000000001eab      0x7c0 Core/Src/can.o
 .debug_info    0x000000000000266b      0x3eb Core/Src/gpio.o
 .debug_info    0x0000000000002a56      0xf56 Core/Src/main.o
 .debug_info    0x00000000000039ac      0x874 Core/Src/servo.o
 .debug_info    0x0000000000004220      0x278 Core/Src/stm32f3xx_hal_msp.o
 .debug_info    0x0000000000004498      0x20d Core/Src/stm32f3xx_it.o
 .debug_info    0x00000000000046a5      0x45c Core/Src/system_stm32f3xx.o
 .debug_info    0x0000000000004b01      0xa66 Core/Src/tim.o
 .debug_info    0x0000000000005567       0x22 Core/Startup/startup_stm32f303cctx.o
 .debug_info    0x0000000000005589      0x7e2 Drivers/STM32F3xx_HAL_Driver/Src/stm32f3xx_hal.o
 .debug_info    0x0000000000005d6b      0xfab Drivers/STM32F3xx_HAL_Driver/Src/stm32f3xx_hal_can.o
 .debug_info    0x0000000000006d16      0xd99 Drivers/STM32F3xx_HAL_Driver/Src/stm32f3xx_hal_cortex.o
 .debug_info    0x0000000000007aaf      0x70b Drivers/STM32F3xx_HAL_Driver/Src/stm32f3xx_hal_gpio.o
 .debug_info    0x00000000000081ba     0x180f Drivers/STM32F3xx_HAL_Driver/Src/stm32f3xx_hal_rcc.o
 .debug_info    0x00000000000099c9     0x2901 Drivers/STM32F3xx_HAL_Driver/Src/stm32f3xx_hal_tim.o
 .debug_info    0x000000000000c2ca     0x144c Drivers/STM32F3xx_HAL_Driver/Src/stm32f3xx_hal_tim_ex.o

.debug_abbrev   0x0000000000000000     0x2048
 .debug_abbrev  0x0000000000000000       0xdf Core/CAN/src/CAN_FIFO.o
 .debug_abbrev  0x00000000000000df      0x2a6 Core/CAN/src/CAN_LIB.o
 .debug_abbrev  0x0000000000000385      0x1ef Core/CAN/src/CAN_LIB_HW.o
 .debug_abbrev  0x0000000000000574      0x1ad Core/Src/can.o
 .debug_abbrev  0x0000000000000721      0x134 Core/Src/gpio.o
 .debug_abbrev  0x0000000000000855      0x1ea Core/Src/main.o
 .debug_abbrev  0x0000000000000a3f      0x1b4 Core/Src/servo.o
 .debug_abbrev  0x0000000000000bf3      0x109 Core/Src/stm32f3xx_hal_msp.o
 .debug_abbrev  0x0000000000000cfc       0xc6 Core/Src/stm32f3xx_it.o
 .debug_abbrev  0x0000000000000dc2      0x12b Core/Src/system_stm32f3xx.o
 .debug_abbrev  0x0000000000000eed      0x1b9 Core/Src/tim.o
 .debug_abbrev  0x00000000000010a6       0x12 Core/Startup/startup_stm32f303cctx.o
 .debug_abbrev  0x00000000000010b8      0x1c7 Drivers/STM32F3xx_HAL_Driver/Src/stm32f3xx_hal.o
 .debug_abbrev  0x000000000000127f      0x21d Drivers/STM32F3xx_HAL_Driver/Src/stm32f3xx_hal_can.o
 .debug_abbrev  0x000000000000149c      0x2fa Drivers/STM32F3xx_HAL_Driver/Src/stm32f3xx_hal_cortex.o
 .debug_abbrev  0x0000000000001796      0x1c0 Drivers/STM32F3xx_HAL_Driver/Src/stm32f3xx_hal_gpio.o
 .debug_abbrev  0x0000000000001956      0x28c Drivers/STM32F3xx_HAL_Driver/Src/stm32f3xx_hal_rcc.o
 .debug_abbrev  0x0000000000001be2      0x230 Drivers/STM32F3xx_HAL_Driver/Src/stm32f3xx_hal_tim.o
 .debug_abbrev  0x0000000000001e12      0x236 Drivers/STM32F3xx_HAL_Driver/Src/stm32f3xx_hal_tim_ex.o

.debug_aranges  0x0000000000000000      0xc68
 .debug_aranges
                0x0000000000000000       0x38 Core/CAN/src/CAN_FIFO.o
 .debug_aranges
                0x0000000000000038       0xa8 Core/CAN/src/CAN_LIB.o
 .debug_aranges
                0x00000000000000e0       0x58 Core/CAN/src/CAN_LIB_HW.o
 .debug_aranges
                0x0000000000000138       0x30 Core/Src/can.o
 .debug_aranges
                0x0000000000000168       0x20 Core/Src/gpio.o
 .debug_aranges
                0x0000000000000188       0x38 Core/Src/main.o
 .debug_aranges
                0x00000000000001c0       0x38 Core/Src/servo.o
 .debug_aranges
                0x00000000000001f8       0x20 Core/Src/stm32f3xx_hal_msp.o
 .debug_aranges
                0x0000000000000218       0x60 Core/Src/stm32f3xx_it.o
 .debug_aranges
                0x0000000000000278       0x28 Core/Src/system_stm32f3xx.o
 .debug_aranges
                0x00000000000002a0       0x38 Core/Src/tim.o
 .debug_aranges
                0x00000000000002d8       0x28 Core/Startup/startup_stm32f303cctx.o
 .debug_aranges
                0x0000000000000300       0xe0 Drivers/STM32F3xx_HAL_Driver/Src/stm32f3xx_hal.o
 .debug_aranges
                0x00000000000003e0      0x138 Drivers/STM32F3xx_HAL_Driver/Src/stm32f3xx_hal_can.o
 .debug_aranges
                0x0000000000000518      0x118 Drivers/STM32F3xx_HAL_Driver/Src/stm32f3xx_hal_cortex.o
 .debug_aranges
                0x0000000000000630       0x58 Drivers/STM32F3xx_HAL_Driver/Src/stm32f3xx_hal_gpio.o
 .debug_aranges
                0x0000000000000688       0x88 Drivers/STM32F3xx_HAL_Driver/Src/stm32f3xx_hal_rcc.o
 .debug_aranges
                0x0000000000000710      0x3e0 Drivers/STM32F3xx_HAL_Driver/Src/stm32f3xx_hal_tim.o
 .debug_aranges
                0x0000000000000af0      0x178 Drivers/STM32F3xx_HAL_Driver/Src/stm32f3xx_hal_tim_ex.o

.debug_ranges   0x0000000000000000      0xb40
 .debug_ranges  0x0000000000000000       0x28 Core/CAN/src/CAN_FIFO.o
 .debug_ranges  0x0000000000000028       0x98 Core/CAN/src/CAN_LIB.o
 .debug_ranges  0x00000000000000c0       0x48 Core/CAN/src/CAN_LIB_HW.o
 .debug_ranges  0x0000000000000108       0x20 Core/Src/can.o
 .debug_ranges  0x0000000000000128       0x10 Core/Src/gpio.o
 .debug_ranges  0x0000000000000138       0x28 Core/Src/main.o
 .debug_ranges  0x0000000000000160       0x28 Core/Src/servo.o
 .debug_ranges  0x0000000000000188       0x10 Core/Src/stm32f3xx_hal_msp.o
 .debug_ranges  0x0000000000000198       0x50 Core/Src/stm32f3xx_it.o
 .debug_ranges  0x00000000000001e8       0x18 Core/Src/system_stm32f3xx.o
 .debug_ranges  0x0000000000000200       0x28 Core/Src/tim.o
 .debug_ranges  0x0000000000000228       0x20 Core/Startup/startup_stm32f303cctx.o
 .debug_ranges  0x0000000000000248       0xd0 Drivers/STM32F3xx_HAL_Driver/Src/stm32f3xx_hal.o
 .debug_ranges  0x0000000000000318      0x128 Drivers/STM32F3xx_HAL_Driver/Src/stm32f3xx_hal_can.o
 .debug_ranges  0x0000000000000440      0x108 Drivers/STM32F3xx_HAL_Driver/Src/stm32f3xx_hal_cortex.o
 .debug_ranges  0x0000000000000548       0x48 Drivers/STM32F3xx_HAL_Driver/Src/stm32f3xx_hal_gpio.o
 .debug_ranges  0x0000000000000590       0x78 Drivers/STM32F3xx_HAL_Driver/Src/stm32f3xx_hal_rcc.o
 .debug_ranges  0x0000000000000608      0x3d0 Drivers/STM32F3xx_HAL_Driver/Src/stm32f3xx_hal_tim.o
 .debug_ranges  0x00000000000009d8      0x168 Drivers/STM32F3xx_HAL_Driver/Src/stm32f3xx_hal_tim_ex.o

.debug_macro    0x0000000000000000    0x1dfd0
 .debug_macro   0x0000000000000000       0x57 Core/CAN/src/CAN_FIFO.o
 .debug_macro   0x0000000000000057      0xa5a Core/CAN/src/CAN_FIFO.o
 .debug_macro   0x0000000000000ab1       0x22 Core/CAN/src/CAN_FIFO.o
 .debug_macro   0x0000000000000ad3       0x8e Core/CAN/src/CAN_FIFO.o
 .debug_macro   0x0000000000000b61       0x51 Core/CAN/src/CAN_FIFO.o
 .debug_macro   0x0000000000000bb2       0x64 Core/CAN/src/CAN_FIFO.o
 .debug_macro   0x0000000000000c16      0x2d6 Core/CAN/src/CAN_LIB.o
 .debug_macro   0x0000000000000eec       0xef Core/CAN/src/CAN_LIB.o
 .debug_macro   0x0000000000000fdb       0x6a Core/CAN/src/CAN_LIB.o
 .debug_macro   0x0000000000001045      0x1df Core/CAN/src/CAN_LIB.o
 .debug_macro   0x0000000000001224       0x10 Core/CAN/src/CAN_LIB.o
 .debug_macro   0x0000000000001234      0x157 Core/CAN/src/CAN_LIB.o
 .debug_macro   0x000000000000138b       0x2e Core/CAN/src/CAN_LIB.o
 .debug_macro   0x00000000000013b9       0x28 Core/CAN/src/CAN_LIB.o
 .debug_macro   0x00000000000013e1       0x1c Core/CAN/src/CAN_LIB.o
 .debug_macro   0x00000000000013fd       0x22 Core/CAN/src/CAN_LIB.o
 .debug_macro   0x000000000000141f       0xdf Core/CAN/src/CAN_LIB.o
 .debug_macro   0x00000000000014fe     0x102d Core/CAN/src/CAN_LIB.o
 .debug_macro   0x000000000000252b      0x11f Core/CAN/src/CAN_LIB.o
 .debug_macro   0x000000000000264a    0x12a33 Core/CAN/src/CAN_LIB.o
 .debug_macro   0x000000000001507d       0x43 Core/CAN/src/CAN_LIB.o
 .debug_macro   0x00000000000150c0     0x35e9 Core/CAN/src/CAN_LIB.o
 .debug_macro   0x00000000000186a9      0x174 Core/CAN/src/CAN_LIB.o
 .debug_macro   0x000000000001881d       0x55 Core/CAN/src/CAN_LIB.o
 .debug_macro   0x0000000000018872      0x962 Core/CAN/src/CAN_LIB.o
 .debug_macro   0x00000000000191d4      0x5fe Core/CAN/src/CAN_LIB.o
 .debug_macro   0x00000000000197d2      0x12f Core/CAN/src/CAN_LIB.o
 .debug_macro   0x0000000000019901      0x1fb Core/CAN/src/CAN_LIB.o
 .debug_macro   0x0000000000019afc      0x1dc Core/CAN/src/CAN_LIB.o
 .debug_macro   0x0000000000019cd8      0x1bc Core/CAN/src/CAN_LIB.o
 .debug_macro   0x0000000000019e94       0x30 Core/CAN/src/CAN_LIB.o
 .debug_macro   0x0000000000019ec4       0x3c Core/CAN/src/CAN_LIB.o
 .debug_macro   0x0000000000019f00      0x236 Core/CAN/src/CAN_LIB.o
 .debug_macro   0x000000000001a136      0x408 Core/CAN/src/CAN_LIB.o
 .debug_macro   0x000000000001a53e       0xc5 Core/CAN/src/CAN_LIB.o
 .debug_macro   0x000000000001a603      0x21d Core/CAN/src/CAN_LIB.o
 .debug_macro   0x000000000001a820      0x22c Core/CAN/src/CAN_LIB.o
 .debug_macro   0x000000000001aa4c       0x5b Core/CAN/src/CAN_LIB.o
 .debug_macro   0x000000000001aaa7       0xa5 Core/CAN/src/CAN_LIB.o
 .debug_macro   0x000000000001ab4c       0x81 Core/CAN/src/CAN_LIB.o
 .debug_macro   0x000000000001abcd       0xd3 Core/CAN/src/CAN_LIB.o
 .debug_macro   0x000000000001aca0      0xa3d Core/CAN/src/CAN_LIB.o
 .debug_macro   0x000000000001b6dd       0x89 Core/CAN/src/CAN_LIB.o
 .debug_macro   0x000000000001b766      0x275 Core/CAN/src/CAN_LIB.o
 .debug_macro   0x000000000001b9db       0x28 Core/CAN/src/CAN_LIB.o
 .debug_macro   0x000000000001ba03       0x10 Core/CAN/src/CAN_LIB.o
 .debug_macro   0x000000000001ba13       0x10 Core/CAN/src/CAN_LIB.o
 .debug_macro   0x000000000001ba23       0x46 Core/CAN/src/CAN_LIB.o
 .debug_macro   0x000000000001ba69       0x18 Core/CAN/src/CAN_LIB.o
 .debug_macro   0x000000000001ba81       0x3c Core/CAN/src/CAN_LIB.o
 .debug_macro   0x000000000001babd       0x34 Core/CAN/src/CAN_LIB.o
 .debug_macro   0x000000000001baf1       0x52 Core/CAN/src/CAN_LIB.o
 .debug_macro   0x000000000001bb43       0x1f Core/CAN/src/CAN_LIB.o
 .debug_macro   0x000000000001bb62       0x43 Core/CAN/src/CAN_LIB.o
 .debug_macro   0x000000000001bba5       0x20 Core/CAN/src/CAN_LIB.o
 .debug_macro   0x000000000001bbc5      0x1a3 Core/CAN/src/CAN_LIB.o
 .debug_macro   0x000000000001bd68      0x32a Core/CAN/src/CAN_LIB.o
 .debug_macro   0x000000000001c092       0x10 Core/CAN/src/CAN_LIB.o
 .debug_macro   0x000000000001c0a2       0x35 Core/CAN/src/CAN_LIB.o
 .debug_macro   0x000000000001c0d7       0x20 Core/CAN/src/CAN_LIB.o
 .debug_macro   0x000000000001c0f7      0x20e Core/CAN/src/CAN_LIB_HW.o
 .debug_macro   0x000000000001c305      0x1e6 Core/Src/can.o
 .debug_macro   0x000000000001c4eb      0x1e6 Core/Src/gpio.o
 .debug_macro   0x000000000001c6d1      0x223 Core/Src/main.o
 .debug_macro   0x000000000001c8f4       0x22 Core/Src/main.o
 .debug_macro   0x000000000001c916       0x2e Core/Src/main.o
 .debug_macro   0x000000000001c944      0x1f3 Core/Src/servo.o
 .debug_macro   0x000000000001cb37      0x1dc Core/Src/stm32f3xx_hal_msp.o
 .debug_macro   0x000000000001cd13      0x1e6 Core/Src/stm32f3xx_it.o
 .debug_macro   0x000000000001cef9      0x1cd Core/Src/system_stm32f3xx.o
 .debug_macro   0x000000000001d0c6      0x1e6 Core/Src/tim.o
 .debug_macro   0x000000000001d2ac      0x1f1 Drivers/STM32F3xx_HAL_Driver/Src/stm32f3xx_hal.o
 .debug_macro   0x000000000001d49d      0x1d5 Drivers/STM32F3xx_HAL_Driver/Src/stm32f3xx_hal_can.o
 .debug_macro   0x000000000001d672      0x1cd Drivers/STM32F3xx_HAL_Driver/Src/stm32f3xx_hal_cortex.o
 .debug_macro   0x000000000001d83f      0x205 Drivers/STM32F3xx_HAL_Driver/Src/stm32f3xx_hal_gpio.o
 .debug_macro   0x000000000001da44      0x1f1 Drivers/STM32F3xx_HAL_Driver/Src/stm32f3xx_hal_rcc.o
 .debug_macro   0x000000000001dc35      0x1ce Drivers/STM32F3xx_HAL_Driver/Src/stm32f3xx_hal_tim.o
 .debug_macro   0x000000000001de03      0x1cd Drivers/STM32F3xx_HAL_Driver/Src/stm32f3xx_hal_tim_ex.o

.debug_line     0x0000000000000000     0xbf18
 .debug_line    0x0000000000000000      0x30d Core/CAN/src/CAN_FIFO.o
 .debug_line    0x000000000000030d      0xa11 Core/CAN/src/CAN_LIB.o
 .debug_line    0x0000000000000d1e      0x7b9 Core/CAN/src/CAN_LIB_HW.o
 .debug_line    0x00000000000014d7      0x704 Core/Src/can.o
 .debug_line    0x0000000000001bdb      0x6d5 Core/Src/gpio.o
 .debug_line    0x00000000000022b0      0x796 Core/Src/main.o
 .debug_line    0x0000000000002a46      0x772 Core/Src/servo.o
 .debug_line    0x00000000000031b8      0x6d0 Core/Src/stm32f3xx_hal_msp.o
 .debug_line    0x0000000000003888      0x774 Core/Src/stm32f3xx_it.o
 .debug_line    0x0000000000003ffc      0x6ed Core/Src/system_stm32f3xx.o
 .debug_line    0x00000000000046e9      0x71f Core/Src/tim.o
 .debug_line    0x0000000000004e08       0x88 Core/Startup/startup_stm32f303cctx.o
 .debug_line    0x0000000000004e90      0x8ab Drivers/STM32F3xx_HAL_Driver/Src/stm32f3xx_hal.o
 .debug_line    0x000000000000573b      0xb77 Drivers/STM32F3xx_HAL_Driver/Src/stm32f3xx_hal_can.o
 .debug_line    0x00000000000062b2      0x9e0 Drivers/STM32F3xx_HAL_Driver/Src/stm32f3xx_hal_cortex.o
 .debug_line    0x0000000000006c92      0x85e Drivers/STM32F3xx_HAL_Driver/Src/stm32f3xx_hal_gpio.o
 .debug_line    0x00000000000074f0      0xe23 Drivers/STM32F3xx_HAL_Driver/Src/stm32f3xx_hal_rcc.o
 .debug_line    0x0000000000008313     0x273f Drivers/STM32F3xx_HAL_Driver/Src/stm32f3xx_hal_tim.o
 .debug_line    0x000000000000aa52     0x14c6 Drivers/STM32F3xx_HAL_Driver/Src/stm32f3xx_hal_tim_ex.o

.debug_str      0x0000000000000000    0xb3f1d
 .debug_str     0x0000000000000000     0x31e2 Core/CAN/src/CAN_FIFO.o
                                       0x32bd (size before relaxing)
 .debug_str     0x00000000000031e2    0xad9a4 Core/CAN/src/CAN_LIB.o
                                      0xb12dd (size before relaxing)
 .debug_str     0x00000000000b0b86      0x208 Core/CAN/src/CAN_LIB_HW.o
                                      0xae0b0 (size before relaxing)
 .debug_str     0x00000000000b0d8e      0x10c Core/Src/can.o
                                      0xadf11 (size before relaxing)
 .debug_str     0x00000000000b0e9a       0x46 Core/Src/gpio.o
                                      0xadc44 (size before relaxing)
 .debug_str     0x00000000000b0ee0      0x663 Core/Src/main.o
                                      0xae81c (size before relaxing)
 .debug_str     0x00000000000b1543       0x87 Core/Src/servo.o
                                      0xae139 (size before relaxing)
 .debug_str     0x00000000000b15ca       0x2c Core/Src/stm32f3xx_hal_msp.o
                                      0xadba9 (size before relaxing)
 .debug_str     0x00000000000b15f6       0xbd Core/Src/stm32f3xx_it.o
                                      0xadbe0 (size before relaxing)
 .debug_str     0x00000000000b16b3       0xb3 Core/Src/system_stm32f3xx.o
                                      0xadb90 (size before relaxing)
 .debug_str     0x00000000000b1766      0x139 Core/Src/tim.o
                                      0xae25d (size before relaxing)
 .debug_str     0x00000000000b189f       0x36 Core/Startup/startup_stm32f303cctx.o
                                         0x6e (size before relaxing)
 .debug_str     0x00000000000b18d5      0x63b Drivers/STM32F3xx_HAL_Driver/Src/stm32f3xx_hal.o
                                      0xae32c (size before relaxing)
 .debug_str     0x00000000000b1f10      0x3f0 Drivers/STM32F3xx_HAL_Driver/Src/stm32f3xx_hal_can.o
                                      0xae337 (size before relaxing)
 .debug_str     0x00000000000b2300      0x398 Drivers/STM32F3xx_HAL_Driver/Src/stm32f3xx_hal_cortex.o
                                      0xae43a (size before relaxing)
 .debug_str     0x00000000000b2698      0x224 Drivers/STM32F3xx_HAL_Driver/Src/stm32f3xx_hal_gpio.o
                                      0xaddf6 (size before relaxing)
 .debug_str     0x00000000000b28bc      0x2de Drivers/STM32F3xx_HAL_Driver/Src/stm32f3xx_hal_rcc.o
                                      0xadffe (size before relaxing)
 .debug_str     0x00000000000b2b9a      0xe0a Drivers/STM32F3xx_HAL_Driver/Src/stm32f3xx_hal_tim.o
                                      0xaef4c (size before relaxing)
 .debug_str     0x00000000000b39a4      0x579 Drivers/STM32F3xx_HAL_Driver/Src/stm32f3xx_hal_tim_ex.o
                                      0xae779 (size before relaxing)

.comment        0x0000000000000000       0x7b
 .comment       0x0000000000000000       0x7b Core/CAN/src/CAN_FIFO.o
                                         0x7c (size before relaxing)
 .comment       0x000000000000007b       0x7c Core/CAN/src/CAN_LIB.o
 .comment       0x000000000000007b       0x7c Core/CAN/src/CAN_LIB_HW.o
 .comment       0x000000000000007b       0x7c Core/Src/can.o
 .comment       0x000000000000007b       0x7c Core/Src/gpio.o
 .comment       0x000000000000007b       0x7c Core/Src/main.o
 .comment       0x000000000000007b       0x7c Core/Src/servo.o
 .comment       0x000000000000007b       0x7c Core/Src/stm32f3xx_hal_msp.o
 .comment       0x000000000000007b       0x7c Core/Src/stm32f3xx_it.o
 .comment       0x000000000000007b       0x7c Core/Src/system_stm32f3xx.o
 .comment       0x000000000000007b       0x7c Core/Src/tim.o
 .comment       0x000000000000007b       0x7c Drivers/STM32F3xx_HAL_Driver/Src/stm32f3xx_hal.o
 .comment       0x000000000000007b       0x7c Drivers/STM32F3xx_HAL_Driver/Src/stm32f3xx_hal_can.o
 .comment       0x000000000000007b       0x7c Drivers/STM32F3xx_HAL_Driver/Src/stm32f3xx_hal_cortex.o
 .comment       0x000000000000007b       0x7c Drivers/STM32F3xx_HAL_Driver/Src/stm32f3xx_hal_gpio.o
 .comment       0x000000000000007b       0x7c Drivers/STM32F3xx_HAL_Driver/Src/stm32f3xx_hal_rcc.o
 .comment       0x000000000000007b       0x7c Drivers/STM32F3xx_HAL_Driver/Src/stm32f3xx_hal_tim.o
 .comment       0x000000000000007b       0x7c Drivers/STM32F3xx_HAL_Driver/Src/stm32f3xx_hal_tim_ex.o

.debug_frame    0x0000000000000000     0x3294
 .debug_frame   0x0000000000000000       0xb0 Core/CAN/src/CAN_FIFO.o
 .debug_frame   0x00000000000000b0      0x2d4 Core/CAN/src/CAN_LIB.o
 .debug_frame   0x0000000000000384      0x128 Core/CAN/src/CAN_LIB_HW.o
 .debug_frame   0x00000000000004ac       0x74 Core/Src/can.o
 .debug_frame   0x0000000000000520       0x34 Core/Src/gpio.o
 .debug_frame   0x0000000000000554       0x98 Core/Src/main.o
 .debug_frame   0x00000000000005ec       0xa8 Core/Src/servo.o
 .debug_frame   0x0000000000000694       0x38 Core/Src/stm32f3xx_hal_msp.o
 .debug_frame   0x00000000000006cc      0x10c Core/Src/stm32f3xx_it.o
 .debug_frame   0x00000000000007d8       0x58 Core/Src/system_stm32f3xx.o
 .debug_frame   0x0000000000000830       0xa8 Core/Src/tim.o
 .debug_frame   0x00000000000008d8      0x334 Drivers/STM32F3xx_HAL_Driver/Src/stm32f3xx_hal.o
 .debug_frame   0x0000000000000c0c      0x5a0 Drivers/STM32F3xx_HAL_Driver/Src/stm32f3xx_hal_can.o
 .debug_frame   0x00000000000011ac      0x498 Drivers/STM32F3xx_HAL_Driver/Src/stm32f3xx_hal_cortex.o
 .debug_frame   0x0000000000001644      0x14c Drivers/STM32F3xx_HAL_Driver/Src/stm32f3xx_hal_gpio.o
 .debug_frame   0x0000000000001790      0x214 Drivers/STM32F3xx_HAL_Driver/Src/stm32f3xx_hal_rcc.o
 .debug_frame   0x00000000000019a4     0x121c Drivers/STM32F3xx_HAL_Driver/Src/stm32f3xx_hal_tim.o
 .debug_frame   0x0000000000002bc0      0x688 Drivers/STM32F3xx_HAL_Driver/Src/stm32f3xx_hal_tim_ex.o
 .debug_frame   0x0000000000003248       0x2c c:/st/stm32cubeide_1.2.0/stm32cubeide/plugins/com.st.stm32cube.ide.mcu.externaltools.gnu-tools-for-stm32.7-2018-q2-update.win32_1.0.0.201904181610/tools/bin/../lib/gcc/arm-none-eabi/7.3.1/../../../../arm-none-eabi/lib/thumb/v7e-m/fpv4-sp/hard\libc_nano.a(lib_a-init.o)
 .debug_frame   0x0000000000003274       0x20 c:/st/stm32cubeide_1.2.0/stm32cubeide/plugins/com.st.stm32cube.ide.mcu.externaltools.gnu-tools-for-stm32.7-2018-q2-update.win32_1.0.0.201904181610/tools/bin/../lib/gcc/arm-none-eabi/7.3.1/../../../../arm-none-eabi/lib/thumb/v7e-m/fpv4-sp/hard\libc_nano.a(lib_a-memset.o)
