CAN_LIB.c:19:6:CAN_Init	8	static
CAN_LIB.c:24:6:CAN_InitFrame	24	static
CAN_LIB.c:33:6:CAN_AddExtId	16	static
CAN_LIB.c:38:6:CAN_InitValue	24	static
CAN_LIB.c:53:9:FilterFrame	24	static
CAN_LIB.c:65:11:CAN_ConvertFrameBitsToUint	40	static
CAN_LIB.c:69:10:CAN_ConvertFrameBitsToInt	40	static
CAN_LIB.c:73:11:CAN_ConvertUintToFrameBits	40	static
CAN_LIB.c:77:10:CAN_ConvertIntToFrameBits	40	static
CAN_LIB.c:81:6:CAN_WriteValueFloat	40	static
CAN_LIB.c:107:7:CAN_ReadValueFloat	24	static
CAN_LIB.c:124:17:CAN_GetTickMs	8	static
CAN_LIB.c:128:9:CAN_IsValueActual	16	static
CAN_LIB.c:134:9:CAN_IsFrameActual	16	static
CAN_LIB.c:140:16:CAN_SendFrame	16	static
CAN_LIB.c:147:6:CAN_SetRxCallback	16	static
CAN_LIB.c:152:6:CAN_ReceiveCallback	32	static
CAN_LIB.c:161:6:CAN_TxCompleteCallback	16	static
